// Jest Snapshot v1, https://goo.gl/fbAQLP

exports[`Container component should render snapshot 1`] = `
<main
  className="container"
>
  <ProgressBar />
</main>
`;
